gplink-1.4.0 #1107 (Apr  3 2018)
Copyright (c) 1998-2014 gputils project
Listing File Generated: 1-13-2023  21:42:32
 
 
Address  Value    Disassembly              Source
-------  -----    -----------              ------
                                           ;--------------------------------------------------------
                                           ; File Created by SDCC : free open source ANSI-C Compiler
                                           ; Version 4.0.0 #11528 (Linux)
                                           ;--------------------------------------------------------
                                           ; PIC port for the 14-bit core
                                           ;--------------------------------------------------------
                                           ;	.file	"lab1.c"
                                           	list	p=12f675
                                           	radix dec
                                           	include "p12f675.inc"
                                                   LIST
                                           
                                           ;==========================================================================
                                           ; Build date : Aug 07 2014
                                           ;  MPASM PIC12F675 processor include
                                           ; 
                                           ;  (c) Copyright 1999-2014 Microchip Technology, All rights reserved
                                           ;==========================================================================
                                           
                                                   NOLIST
                                           ;--------------------------------------------------------
                                           ; config word(s)
                                           ;--------------------------------------------------------
002007   3ff7     addlw   0xf7             	__config 0x3ff7
                                           ;--------------------------------------------------------
                                           ; external declarations
                                           ;--------------------------------------------------------
                                           	extern	_TRISIO
                                           	extern	_GPIO
                                           	extern	_GPIObits
                                           	extern	__sdcc_gsinit_startup
                                           ;--------------------------------------------------------
                                           ; global declarations
                                           ;--------------------------------------------------------
                                           	global	_main
                                           	global	_s
                                           	global	_delay
                                           	global	_rotl
                                           	global	_next
                                           	global	_rand
                                           
                                           	global PSAVE
                                           	global SSAVE
                                           	global WSAVE
                                           	global STK12
                                           	global STK11
                                           	global STK10
                                           	global STK09
                                           	global STK08
                                           	global STK07
                                           	global STK06
                                           	global STK05
                                           	global STK04
                                           	global STK03
                                           	global STK02
                                           	global STK01
                                           	global STK00
                                           
                                           sharebank udata_ovr 0x0020
                                           PSAVE	res 1
                                           SSAVE	res 1
                                           WSAVE	res 1
                                           STK12	res 1
                                           STK11	res 1
                                           STK10	res 1
                                           STK09	res 1
                                           STK08	res 1
                                           STK07	res 1
                                           STK06	res 1
                                           STK05	res 1
                                           STK04	res 1
                                           STK03	res 1
                                           STK02	res 1
                                           STK01	res 1
                                           STK00	res 1
                                           
                                           ;--------------------------------------------------------
                                           ; global definitions
                                           ;--------------------------------------------------------
                                           ;--------------------------------------------------------
                                           ; absolute symbol definitions
                                           ;--------------------------------------------------------
                                           ;--------------------------------------------------------
                                           ; compiler-defined variables
                                           ;--------------------------------------------------------
                                           UDL_lab1_0	udata
                                           r0x1018	res	1
                                           r0x1019	res	1
                                           r0x101A	res	1
                                           r0x1011	res	1
                                           r0x1010	res	1
                                           r0x1012	res	1
                                           r0x1013	res	1
                                           r0x1014	res	1
                                           r0x1015	res	1
                                           r0x1016	res	1
                                           r0x1017	res	1
                                           r0x1002	res	1
                                           r0x1004	res	1
                                           r0x1005	res	1
                                           r0x1006	res	1
                                           r0x1007	res	1
                                           r0x1008	res	1
                                           r0x1009	res	1
                                           r0x100A	res	1
                                           r0x100B	res	1
                                           r0x100E	res	1
                                           r0x100F	res	1
                                           ;--------------------------------------------------------
                                           ; initialized data
                                           ;--------------------------------------------------------
                                           
                                           IDD_lab1_0	idata
                                           _s
                                           	db	0x00	; 0
                                           	db	0xa3	; 163
                                           
                                           ;--------------------------------------------------------
                                           ; initialized absolute data
                                           ;--------------------------------------------------------
                                           ;--------------------------------------------------------
                                           ; overlayable items in internal ram 
                                           ;--------------------------------------------------------
                                           ;	udata_ovr
                                           ;--------------------------------------------------------
                                           ; reset vector 
                                           ;--------------------------------------------------------
                                           STARTUP	code 0x0000
000000   0000     nop                      	nop
                                           	pagesel __sdcc_gsinit_startup
000001   2802     goto    0x0002           	goto	__sdcc_gsinit_startup
                                           ;--------------------------------------------------------
                                           ; code
                                           ;--------------------------------------------------------
                                           code_lab1	code
                                           ;***
                                           ;  pBlock Stats: dbName = M
                                           ;***
                                           ;has an exit
                                           ;functions called:
                                           ;   _delay
                                           ;   _delay
                                           ;   _delay
                                           ;   _delay
                                           ;   _delay
                                           ;   _delay
                                           ;   _rand
                                           ;   _delay
                                           ;   _delay
                                           ;   _delay
                                           ;   _delay
                                           ;   _delay
                                           ;   _delay
                                           ;   _rand
                                           ;4 compiler assigned registers:
                                           ;   r0x1018
                                           ;   r0x1019
                                           ;   r0x101A
                                           ;   STK00
                                           ;; Starting pCode block
                                           S_lab1__main	code
                                           _main:
                                           ; 2 exit points
                                           ;	.line	18; "lab1.c"	TRISIO = 0b00100000; //Poner todos los pines como salidas
00009e   3020     movlw   0x20             	MOVLW	0x20
00009f   1683     bsf     0x03, 0x5        	BANKSEL	_TRISIO
0000a0   0085     movwf   0x05             	MOVWF	_TRISIO
                                           ;	.line	19; "lab1.c"	GPIO = 0x00; //Poner pines en bajo
0000a1   1283     bcf     0x03, 0x5        	BANKSEL	_GPIO
0000a2   0185     clrf    0x05             	CLRF	_GPIO
                                           ;	.line	22; "lab1.c"	unsigned int random_num = 3;
0000a3   3003     movlw   0x03             	MOVLW	0x03
0000a4   00b0     movwf   0x30             	MOVWF	r0x1018
0000a5   01b1     clrf    0x31             	CLRF	r0x1019
                                           _00116_DS_:
                                           ;	.line	27; "lab1.c"	if (GP5) {
0000a6   1283     bcf     0x03, 0x5        	BANKSEL	_GPIObits
0000a7   1e85     btfss   0x05, 0x5        	BTFSS	_GPIObits,5
0000a8   2906     goto    0x0106           	GOTO	_00113_DS_
                                           ;;unsigned compare: left < lit(0x1=1), size=2
                                           ;	.line	30; "lab1.c"	switch (random_num)
0000a9   3000     movlw   0x00             	MOVLW	0x00
0000aa   0231     subwf   0x31, 0x0        	SUBWF	r0x1019,W
0000ab   1d03     btfss   0x03, 0x2        	BTFSS	STATUS,2
0000ac   28af     goto    0x00af           	GOTO	_00136_DS_
0000ad   3001     movlw   0x01             	MOVLW	0x01
0000ae   0230     subwf   0x30, 0x0        	SUBWF	r0x1018,W
                                           _00136_DS_:
0000af   1c03     btfss   0x03, 0x0        	BTFSS	STATUS,0
0000b0   2901     goto    0x0101           	GOTO	_00111_DS_
                                           ;;genSkipc:3307: created from rifx:0x7fff646bda90
                                           ;;swapping arguments (AOP_TYPEs 1/2)
                                           ;;unsigned compare: left >= lit(0x7=7), size=2
0000b1   3000     movlw   0x00             	MOVLW	0x00
0000b2   0231     subwf   0x31, 0x0        	SUBWF	r0x1019,W
0000b3   1d03     btfss   0x03, 0x2        	BTFSS	STATUS,2
0000b4   28b7     goto    0x00b7           	GOTO	_00137_DS_
0000b5   3007     movlw   0x07             	MOVLW	0x07
0000b6   0230     subwf   0x30, 0x0        	SUBWF	r0x1018,W
                                           _00137_DS_:
0000b7   1803     btfsc   0x03, 0x0        	BTFSC	STATUS,0
0000b8   2901     goto    0x0101           	GOTO	_00111_DS_
                                           ;;genSkipc:3307: created from rifx:0x7fff646bda90
0000b9   0330     decf    0x30, 0x0        	DECF	r0x1018,W
0000ba   00b2     movwf   0x32             	MOVWF	r0x101A
0000bb   3000     movlw   0x00             	MOVLW	HIGH(_00138_DS_)
0000bc   008a     movwf   0x0a             	MOVWF	PCLATH
0000bd   30c2     movlw   0xc2             	MOVLW	_00138_DS_
0000be   0732     addwf   0x32, 0x0        	ADDWF	r0x101A,W
0000bf   1803     btfsc   0x03, 0x0        	BTFSC	STATUS,0
0000c0   0a8a     incf    0x0a, 0x1        	INCF	PCLATH,F
0000c1   0082     movwf   0x02             	MOVWF	PCL
                                           _00138_DS_:
0000c2   28c8     goto    0x00c8           	GOTO	_00105_DS_
0000c3   28d1     goto    0x00d1           	GOTO	_00106_DS_
0000c4   28da     goto    0x00da           	GOTO	_00107_DS_
0000c5   28e4     goto    0x00e4           	GOTO	_00108_DS_
0000c6   28ee     goto    0x00ee           	GOTO	_00109_DS_
0000c7   28f8     goto    0x00f8           	GOTO	_00110_DS_
                                           _00105_DS_:
                                           ;	.line	34; "lab1.c"	GP0 = 1;
0000c8   1283     bcf     0x03, 0x5        	BANKSEL	_GPIObits
0000c9   1405     bsf     0x05, 0x0        	BSF	_GPIObits,0
                                           ;	.line	35; "lab1.c"	delay(time);
0000ca   30c8     movlw   0xc8             	MOVLW	0xc8
0000cb   00af     movwf   0x2f             	MOVWF	STK00
0000cc   3000     movlw   0x00             	MOVLW	0x00
                                           	PAGESEL	_delay
0000cd   216a     call    0x016a           	CALL	_delay
                                           	PAGESEL	$
                                           ;	.line	36; "lab1.c"	GP0 = 0;
0000ce   1283     bcf     0x03, 0x5        	BANKSEL	_GPIObits
0000cf   1005     bcf     0x05, 0x0        	BCF	_GPIObits,0
                                           ;	.line	37; "lab1.c"	break;
0000d0   2901     goto    0x0101           	GOTO	_00111_DS_
                                           _00106_DS_:
                                           ;	.line	42; "lab1.c"	GP4 = 1;
0000d1   1283     bcf     0x03, 0x5        	BANKSEL	_GPIObits
0000d2   1605     bsf     0x05, 0x4        	BSF	_GPIObits,4
                                           ;	.line	43; "lab1.c"	delay(time);
0000d3   30c8     movlw   0xc8             	MOVLW	0xc8
0000d4   00af     movwf   0x2f             	MOVWF	STK00
0000d5   3000     movlw   0x00             	MOVLW	0x00
                                           	PAGESEL	_delay
0000d6   216a     call    0x016a           	CALL	_delay
                                           	PAGESEL	$
                                           ;	.line	44; "lab1.c"	GP4 = 0;
0000d7   1283     bcf     0x03, 0x5        	BANKSEL	_GPIObits
0000d8   1205     bcf     0x05, 0x4        	BCF	_GPIObits,4
                                           ;	.line	45; "lab1.c"	break;
0000d9   2901     goto    0x0101           	GOTO	_00111_DS_
                                           _00107_DS_:
                                           ;	.line	50; "lab1.c"	GPIO = 0b00010001;
0000da   3011     movlw   0x11             	MOVLW	0x11
0000db   1283     bcf     0x03, 0x5        	BANKSEL	_GPIO
0000dc   0085     movwf   0x05             	MOVWF	_GPIO
                                           ;	.line	51; "lab1.c"	delay(time);
0000dd   30c8     movlw   0xc8             	MOVLW	0xc8
0000de   00af     movwf   0x2f             	MOVWF	STK00
0000df   3000     movlw   0x00             	MOVLW	0x00
                                           	PAGESEL	_delay
0000e0   216a     call    0x016a           	CALL	_delay
                                           	PAGESEL	$
                                           ;	.line	52; "lab1.c"	GPIO = 0b00000000;
0000e1   1283     bcf     0x03, 0x5        	BANKSEL	_GPIO
0000e2   0185     clrf    0x05             	CLRF	_GPIO
                                           ;	.line	53; "lab1.c"	break;
0000e3   2901     goto    0x0101           	GOTO	_00111_DS_
                                           _00108_DS_:
                                           ;	.line	58; "lab1.c"	GPIO = 0b00010010;
0000e4   3012     movlw   0x12             	MOVLW	0x12
0000e5   1283     bcf     0x03, 0x5        	BANKSEL	_GPIO
0000e6   0085     movwf   0x05             	MOVWF	_GPIO
                                           ;	.line	59; "lab1.c"	delay(time);
0000e7   30c8     movlw   0xc8             	MOVLW	0xc8
0000e8   00af     movwf   0x2f             	MOVWF	STK00
0000e9   3000     movlw   0x00             	MOVLW	0x00
                                           	PAGESEL	_delay
0000ea   216a     call    0x016a           	CALL	_delay
                                           	PAGESEL	$
                                           ;	.line	60; "lab1.c"	GPIO = 0b00000000;
0000eb   1283     bcf     0x03, 0x5        	BANKSEL	_GPIO
0000ec   0185     clrf    0x05             	CLRF	_GPIO
                                           ;	.line	61; "lab1.c"	break;
0000ed   2901     goto    0x0101           	GOTO	_00111_DS_
                                           _00109_DS_:
                                           ;	.line	66; "lab1.c"	GPIO = 0b00010011;
0000ee   3013     movlw   0x13             	MOVLW	0x13
0000ef   1283     bcf     0x03, 0x5        	BANKSEL	_GPIO
0000f0   0085     movwf   0x05             	MOVWF	_GPIO
                                           ;	.line	67; "lab1.c"	delay(time);
0000f1   30c8     movlw   0xc8             	MOVLW	0xc8
0000f2   00af     movwf   0x2f             	MOVWF	STK00
0000f3   3000     movlw   0x00             	MOVLW	0x00
                                           	PAGESEL	_delay
0000f4   216a     call    0x016a           	CALL	_delay
                                           	PAGESEL	$
                                           ;	.line	68; "lab1.c"	GPIO = 0b00000000;
0000f5   1283     bcf     0x03, 0x5        	BANKSEL	_GPIO
0000f6   0185     clrf    0x05             	CLRF	_GPIO
                                           ;	.line	69; "lab1.c"	break;
0000f7   2901     goto    0x0101           	GOTO	_00111_DS_
                                           _00110_DS_:
                                           ;	.line	74; "lab1.c"	GPIO = 0b00010110;
0000f8   3016     movlw   0x16             	MOVLW	0x16
0000f9   1283     bcf     0x03, 0x5        	BANKSEL	_GPIO
0000fa   0085     movwf   0x05             	MOVWF	_GPIO
                                           ;	.line	75; "lab1.c"	delay(time);
0000fb   30c8     movlw   0xc8             	MOVLW	0xc8
0000fc   00af     movwf   0x2f             	MOVWF	STK00
0000fd   3000     movlw   0x00             	MOVLW	0x00
                                           	PAGESEL	_delay
0000fe   216a     call    0x016a           	CALL	_delay
                                           	PAGESEL	$
                                           ;	.line	76; "lab1.c"	GPIO = 0b00000000;
0000ff   1283     bcf     0x03, 0x5        	BANKSEL	_GPIO
000100   0185     clrf    0x05             	CLRF	_GPIO
                                           _00111_DS_:
                                           ;	.line	81; "lab1.c"	random_num = rand();
                                           	PAGESEL	_rand
000101   21b4     call    0x01b4           	CALL	_rand
                                           	PAGESEL	$
000102   00b1     movwf   0x31             	MOVWF	r0x1019
000103   082f     movf    0x2f, 0x0        	MOVF	STK00,W
000104   00b0     movwf   0x30             	MOVWF	r0x1018
000105   28a6     goto    0x00a6           	GOTO	_00116_DS_
                                           _00113_DS_:
                                           ;	.line	83; "lab1.c"	GPIO = 0x00; 
000106   1283     bcf     0x03, 0x5        	BANKSEL	_GPIO
000107   0185     clrf    0x05             	CLRF	_GPIO
000108   28a6     goto    0x00a6           	GOTO	_00116_DS_
                                           ;	.line	87; "lab1.c"	}
000109   0008     return                   	RETURN	
                                           ; exit point of _main
                                           
                                           ;***
                                           ;  pBlock Stats: dbName = C
                                           ;***
                                           ;has an exit
                                           ;functions called:
                                           ;   _next
                                           ;   _next
                                           ;4 compiler assigned registers:
                                           ;   r0x100D
                                           ;   r0x100E
                                           ;   r0x100F
                                           ;   STK00
                                           ;; Starting pCode block
                                           S_lab1__rand	code
                                           _rand:
                                           ; 2 exit points
                                           _00195_DS_:
                                           ;	.line	121; "lab1.c"	randi = next();
                                           	PAGESEL	_next
0001b4   2191     call    0x0191           	CALL	_next
                                           	PAGESEL	$
                                           ;;1	MOVWF	r0x100D
0001b5   00c4     movwf   0x44             	MOVWF	r0x100E
0001b6   01c5     clrf    0x45             	CLRF	r0x100F
                                           ;;signed compare: left < lit(0x7=7), size=2, mask=ffff
0001b7   3000     movlw   0x00             	MOVLW	0x00
0001b8   3e80     addlw   0x80             	ADDLW	0x80
0001b9   3e80     addlw   0x80             	ADDLW	0x80
0001ba   1d03     btfss   0x03, 0x2        	BTFSS	STATUS,2
0001bb   29be     goto    0x01be           	GOTO	_00211_DS_
0001bc   3007     movlw   0x07             	MOVLW	0x07
0001bd   0244     subwf   0x44, 0x0        	SUBWF	r0x100E,W
                                           _00211_DS_:
0001be   1803     btfsc   0x03, 0x0        	BTFSC	STATUS,0
0001bf   29b4     goto    0x01b4           	GOTO	_00195_DS_
                                           ;;genSkipc:3307: created from rifx:0x7fff646bda90
                                           ;;swapping arguments (AOP_TYPEs 1/2)
                                           ;;signed compare: left >= lit(0x1=1), size=2, mask=ffff
0001c0   0845     movf    0x45, 0x0        	MOVF	r0x100F,W
0001c1   3e80     addlw   0x80             	ADDLW	0x80
0001c2   3e80     addlw   0x80             	ADDLW	0x80
0001c3   1d03     btfss   0x03, 0x2        	BTFSS	STATUS,2
0001c4   29c7     goto    0x01c7           	GOTO	_00212_DS_
0001c5   3001     movlw   0x01             	MOVLW	0x01
0001c6   0244     subwf   0x44, 0x0        	SUBWF	r0x100E,W
                                           _00212_DS_:
0001c7   1c03     btfss   0x03, 0x0        	BTFSS	STATUS,0
0001c8   29b4     goto    0x01b4           	GOTO	_00195_DS_
                                           ;;genSkipc:3307: created from rifx:0x7fff646bda90
                                           ;	.line	123; "lab1.c"	return randi;
0001c9   0844     movf    0x44, 0x0        	MOVF	r0x100E,W
0001ca   00af     movwf   0x2f             	MOVWF	STK00
0001cb   0845     movf    0x45, 0x0        	MOVF	r0x100F,W
                                           ;	.line	127; "lab1.c"	}
0001cc   0008     return                   	RETURN	
                                           ; exit point of _rand
                                           
                                           ;***
                                           ;  pBlock Stats: dbName = C
                                           ;***
                                           ;has an exit
                                           ;functions called:
                                           ;   _rotl
                                           ;   _rotl
                                           ;   _rotl
                                           ;   _rotl
                                           ;7 compiler assigned registers:
                                           ;   r0x1008
                                           ;   r0x1009
                                           ;   r0x100A
                                           ;   STK01
                                           ;   STK00
                                           ;   r0x100B
                                           ;   r0x100C
                                           ;; Starting pCode block
                                           S_lab1__next	code
                                           _next:
                                           ; 2 exit points
                                           ;	.line	107; "lab1.c"	uint8_t s0 = s[0];
000191   0852     movf    0x52, 0x0        	MOVF	(_s + 0),W
000192   00c0     movwf   0x40             	MOVWF	r0x1008
                                           ;	.line	108; "lab1.c"	uint8_t s1 = s[1];
000193   0853     movf    0x53, 0x0        	MOVF	(_s + 1),W
                                           ;	.line	109; "lab1.c"	uint8_t result = s0 + s1;
000194   00c1     movwf   0x41             	MOVWF	r0x1009
000195   0740     addwf   0x40, 0x0        	ADDWF	r0x1008,W
000196   00c2     movwf   0x42             	MOVWF	r0x100A
                                           ;	.line	111; "lab1.c"	s1 ^= s0;
000197   0840     movf    0x40, 0x0        	MOVF	r0x1008,W
000198   06c1     xorwf   0x41, 0x1        	XORWF	r0x1009,F
                                           ;	.line	112; "lab1.c"	s[0] = rotl(s0, 6) ^ s1 ^ (s1 << 1);
000199   3006     movlw   0x06             	MOVLW	0x06
00019a   00ae     movwf   0x2e             	MOVWF	STK01
00019b   3000     movlw   0x00             	MOVLW	0x00
00019c   00af     movwf   0x2f             	MOVWF	STK00
00019d   0840     movf    0x40, 0x0        	MOVF	r0x1008,W
                                           	PAGESEL	_rotl
00019e   213e     call    0x013e           	CALL	_rotl
                                           	PAGESEL	$
00019f   00c0     movwf   0x40             	MOVWF	r0x1008
0001a0   0841     movf    0x41, 0x0        	MOVF	r0x1009,W
0001a1   06c0     xorwf   0x40, 0x1        	XORWF	r0x1008,F
0001a2   0841     movf    0x41, 0x0        	MOVF	r0x1009,W
0001a3   00c3     movwf   0x43             	MOVWF	r0x100B
0001a4   1003     bcf     0x03, 0x0        	BCF	STATUS,0
0001a5   0d43     rlf     0x43, 0x0        	RLF	r0x100B,W
                                           ;;1	MOVWF	r0x100C
0001a6   00c3     movwf   0x43             	MOVWF	r0x100B
0001a7   06c0     xorwf   0x40, 0x1        	XORWF	r0x1008,F
                                           ;;/home/sdcc-builder/build/sdcc-build/orig/sdcc/src/pic14/gen.c:6828: size=0, offset=0, AOP_TYPE(res)=8
0001a8   0840     movf    0x40, 0x0        	MOVF	r0x1008,W
0001a9   00d2     movwf   0x52             	MOVWF	(_s + 0)
                                           ;	.line	113; "lab1.c"	s[1] = rotl(s1, 3);
0001aa   3003     movlw   0x03             	MOVLW	0x03
0001ab   00ae     movwf   0x2e             	MOVWF	STK01
0001ac   3000     movlw   0x00             	MOVLW	0x00
0001ad   00af     movwf   0x2f             	MOVWF	STK00
0001ae   0841     movf    0x41, 0x0        	MOVF	r0x1009,W
                                           	PAGESEL	_rotl
0001af   213e     call    0x013e           	CALL	_rotl
                                           	PAGESEL	$
0001b0   00c0     movwf   0x40             	MOVWF	r0x1008
0001b1   00d3     movwf   0x53             	MOVWF	(_s + 1)
                                           ;	.line	115; "lab1.c"	return result;
0001b2   0842     movf    0x42, 0x0        	MOVF	r0x100A,W
                                           ;	.line	116; "lab1.c"	}
0001b3   0008     return                   	RETURN	
                                           ; exit point of _next
                                           
                                           ;***
                                           ;  pBlock Stats: dbName = C
                                           ;***
                                           ;has an exit
                                           ;8 compiler assigned registers:
                                           ;   r0x1002
                                           ;   STK00
                                           ;   r0x1003
                                           ;   STK01
                                           ;   r0x1004
                                           ;   r0x1005
                                           ;   r0x1006
                                           ;   r0x1007
                                           ;; Starting pCode block
                                           S_lab1__rotl	code
                                           _rotl:
                                           ; 2 exit points
00013e   00bf     movwf   0x3f             	MOVWF	r0x1007
00013f   00bd     movwf   0x3d             	MOVWF	r0x1005
                                           ;	.line	100; "lab1.c"	uint8_t rotl(const uint8_t x, int k) {
000140   00bb     movwf   0x3b             	MOVWF	r0x1002
000141   082f     movf    0x2f, 0x0        	MOVF	STK00,W
                                           ;;1	MOVWF	r0x1003
000142   082e     movf    0x2e, 0x0        	MOVF	STK01,W
000143   00be     movwf   0x3e             	MOVWF	r0x1006
000144   00bc     movwf   0x3c             	MOVWF	r0x1004
                                           ;;99	MOVF	r0x1002,W
                                           ;;100	MOVF	r0x1004,W
                                           ;;101	MOVF	r0x1005,W
                                           ;	.line	101; "lab1.c"	return (x << k) | (x >> (8 - k));
000145   083e     movf    0x3e, 0x0        	MOVF	r0x1006,W
000146   1bbe     btfsc   0x3e, 0x7        	BTFSC	r0x1006,7
000147   2950     goto    0x0150           	GOTO	_00180_DS_
000148   3c00     sublw   0x00             	SUBLW	0x00
000149   1903     btfsc   0x03, 0x2        	BTFSC	STATUS,2
00014a   2957     goto    0x0157           	GOTO	_00178_DS_
                                           _00177_DS_:
00014b   0dbf     rlf     0x3f, 0x1        	RLF	r0x1007,F
00014c   3e01     addlw   0x01             	ADDLW	0x01
00014d   1c03     btfss   0x03, 0x0        	BTFSS	STATUS,0
00014e   294b     goto    0x014b           	GOTO	_00177_DS_
00014f   2957     goto    0x0157           	GOTO	_00178_DS_
                                           _00180_DS_:
000150   1003     bcf     0x03, 0x0        	BCF	STATUS,0
000151   1bbf     btfsc   0x3f, 0x7        	BTFSC	r0x1007,7
000152   1403     bsf     0x03, 0x0        	BSF	STATUS,0
000153   0cbf     rrf     0x3f, 0x1        	RRF	r0x1007,F
000154   3e01     addlw   0x01             	ADDLW	0x01
000155   1c03     btfss   0x03, 0x0        	BTFSS	STATUS,0
000156   2950     goto    0x0150           	GOTO	_00180_DS_
                                           _00178_DS_:
000157   083c     movf    0x3c, 0x0        	MOVF	r0x1004,W
000158   00bd     movwf   0x3d             	MOVWF	r0x1005
000159   3c08     sublw   0x08             	SUBLW	0x08
00015a   00bc     movwf   0x3c             	MOVWF	r0x1004
00015b   083b     movf    0x3b, 0x0        	MOVF	r0x1002,W
00015c   00bd     movwf   0x3d             	MOVWF	r0x1005
00015d   083c     movf    0x3c, 0x0        	MOVF	r0x1004,W
00015e   3c00     sublw   0x00             	SUBLW	0x00
00015f   1903     btfsc   0x03, 0x2        	BTFSC	STATUS,2
000160   2965     goto    0x0165           	GOTO	_00182_DS_
                                           _00181_DS_:
000161   0cbd     rrf     0x3d, 0x1        	RRF	r0x1005,F
000162   3e01     addlw   0x01             	ADDLW	0x01
000163   1c03     btfss   0x03, 0x0        	BTFSS	STATUS,0
000164   2961     goto    0x0161           	GOTO	_00181_DS_
                                           _00182_DS_:
000165   083f     movf    0x3f, 0x0        	MOVF	r0x1007,W
000166   00bb     movwf   0x3b             	MOVWF	r0x1002
000167   043d     iorwf   0x3d, 0x0        	IORWF	r0x1005,W
000168   00bf     movwf   0x3f             	MOVWF	r0x1007
                                           ;	.line	102; "lab1.c"	}
000169   0008     return                   	RETURN	
                                           ; exit point of _rotl
                                           
                                           ;***
                                           ;  pBlock Stats: dbName = C
                                           ;***
                                           ;has an exit
                                           ;9 compiler assigned registers:
                                           ;   r0x1010
                                           ;   STK00
                                           ;   r0x1011
                                           ;   r0x1012
                                           ;   r0x1013
                                           ;   r0x1014
                                           ;   r0x1015
                                           ;   r0x1016
                                           ;   r0x1017
                                           ;; Starting pCode block
                                           S_lab1__delay	code
                                           _delay:
                                           ; 2 exit points
                                           ;	.line	90; "lab1.c"	void delay(unsigned int tiempo)
00016a   00b4     movwf   0x34             	MOVWF	r0x1010
00016b   082f     movf    0x2f, 0x0        	MOVF	STK00,W
00016c   00b3     movwf   0x33             	MOVWF	r0x1011
                                           ;	.line	95; "lab1.c"	for(i=0;i<tiempo;i++)
00016d   01b5     clrf    0x35             	CLRF	r0x1012
00016e   01b6     clrf    0x36             	CLRF	r0x1013
                                           _00149_DS_:
00016f   0834     movf    0x34, 0x0        	MOVF	r0x1010,W
000170   0236     subwf   0x36, 0x0        	SUBWF	r0x1013,W
000171   1d03     btfss   0x03, 0x2        	BTFSS	STATUS,2
000172   2975     goto    0x0175           	GOTO	_00170_DS_
000173   0833     movf    0x33, 0x0        	MOVF	r0x1011,W
000174   0235     subwf   0x35, 0x0        	SUBWF	r0x1012,W
                                           _00170_DS_:
000175   1803     btfsc   0x03, 0x0        	BTFSC	STATUS,0
000176   2990     goto    0x0190           	GOTO	_00151_DS_
                                           ;;genSkipc:3307: created from rifx:0x7fff646bda90
                                           ;	.line	96; "lab1.c"	for(j=0;j<1275;j++);
000177   30fb     movlw   0xfb             	MOVLW	0xfb
000178   00b7     movwf   0x37             	MOVWF	r0x1014
000179   3004     movlw   0x04             	MOVLW	0x04
00017a   00b8     movwf   0x38             	MOVWF	r0x1015
                                           _00147_DS_:
00017b   30ff     movlw   0xff             	MOVLW	0xff
00017c   0737     addwf   0x37, 0x0        	ADDWF	r0x1014,W
00017d   00b9     movwf   0x39             	MOVWF	r0x1016
00017e   30ff     movlw   0xff             	MOVLW	0xff
00017f   00ba     movwf   0x3a             	MOVWF	r0x1017
000180   0838     movf    0x38, 0x0        	MOVF	r0x1015,W
000181   1803     btfsc   0x03, 0x0        	BTFSC	STATUS,0
000182   0f38     incfsz  0x38, 0x0        	INCFSZ	r0x1015,W
000183   07ba     addwf   0x3a, 0x1        	ADDWF	r0x1017,F
000184   0839     movf    0x39, 0x0        	MOVF	r0x1016,W
000185   00b7     movwf   0x37             	MOVWF	r0x1014
000186   083a     movf    0x3a, 0x0        	MOVF	r0x1017,W
000187   00b8     movwf   0x38             	MOVWF	r0x1015
000188   083a     movf    0x3a, 0x0        	MOVF	r0x1017,W
000189   0439     iorwf   0x39, 0x0        	IORWF	r0x1016,W
00018a   1d03     btfss   0x03, 0x2        	BTFSS	STATUS,2
00018b   297b     goto    0x017b           	GOTO	_00147_DS_
                                           ;	.line	95; "lab1.c"	for(i=0;i<tiempo;i++)
00018c   0ab5     incf    0x35, 0x1        	INCF	r0x1012,F
00018d   1903     btfsc   0x03, 0x2        	BTFSC	STATUS,2
00018e   0ab6     incf    0x36, 0x1        	INCF	r0x1013,F
00018f   296f     goto    0x016f           	GOTO	_00149_DS_
                                           _00151_DS_:
                                           ;	.line	97; "lab1.c"	}
000190   0008     return                   	RETURN	
                                           ; exit point of _delay
                                           
                                           
                                           ;	code size estimation:
                                           ;	  235+   36 =   271 instructions (  614 byte)
                                           
                                           	end
